[error] /Users/robin/work/spicy/topic/tests/.tmp/hilti.types.function.hook-priorities-fail/hook-priorities-fail.hlt:10:10: value for attribute '&priority' must be an integer
[error] /Users/robin/work/spicy/topic/tests/.tmp/hilti.types.function.hook-priorities-fail/hook-priorities-fail.hlt:11:10: attribute '&priority' requires an integer
[error] /Users/robin/work/spicy/topic/tests/.tmp/hilti.types.function.hook-priorities-fail/hook-priorities-fail.hlt:12:9: only hooks can have priorities
[error] hiltic: aborting after errors
