### BTest baseline data generated by btest-diff. Do not edit. Use "btest -U/-u" to update. Requires BTest >= 0.63.
[debug/ast-stats] # [Spicy] AST statistics:
[debug/ast-stats]   - max tree depth: 16
[debug/ast-stats]   - # AST rounds 5
[debug/ast-stats]   - # context declarations: 64
[debug/ast-stats]   - # context types: 45
[debug/ast-stats]   - # nodes: 2997
[debug/ast-stats]   - # nodes > 1%:
[debug/ast-stats]     - Attribute: 165
[debug/ast-stats]     - AttributeSet: 293
[debug/ast-stats]     - Function: 61
[debug/ast-stats]     - QualifiedType: 858
[debug/ast-stats]     - ctor::Enum: 70
[debug/ast-stats]     - ctor::String: 116
[debug/ast-stats]     - declaration::Constant: 70
[debug/ast-stats]     - declaration::Function: 52
[debug/ast-stats]     - declaration::Parameter: 125
[debug/ast-stats]     - declaration::Type: 50
[debug/ast-stats]     - expression::Ctor: 195
[debug/ast-stats]     - type::Bytes: 48
[debug/ast-stats]     - type::Function: 78
[debug/ast-stats]     - type::Name: 44
[debug/ast-stats]     - type::String: 146
[debug/ast-stats]     - type::UnsignedInteger: 104
[debug/ast-stats]     - type::Void: 45
[debug/ast-stats]     - type::bytes::Iterator: 48
[debug/ast-stats]     - type::enum_::Label: 70
[debug/ast-stats] # [HILTI] AST statistics:
[debug/ast-stats]   - max tree depth: 29
[debug/ast-stats]   - # AST rounds 6
[debug/ast-stats]   - # context declarations: 256
[debug/ast-stats]   - # context types: 53
[debug/ast-stats]   - # nodes: 20365
[debug/ast-stats]   - # nodes > 1%:
[debug/ast-stats]     - Attribute: 376
[debug/ast-stats]     - AttributeSet: 831
[debug/ast-stats]     - QualifiedType: 6383
[debug/ast-stats]     - ctor::String: 286
[debug/ast-stats]     - ctor::Tuple: 237
[debug/ast-stats]     - declaration::Field: 229
[debug/ast-stats]     - declaration::Parameter: 458
[debug/ast-stats]     - expression::Ctor: 793
[debug/ast-stats]     - expression::Member: 332
[debug/ast-stats]     - expression::Name: 1013
[debug/ast-stats]     - operator_::value_reference::Deref: 255
[debug/ast-stats]     - statement::Expression: 251
[debug/ast-stats]     - type::Function: 221
[debug/ast-stats]     - type::Member: 332
[debug/ast-stats]     - type::Name: 468
[debug/ast-stats]     - type::Optional: 422
[debug/ast-stats]     - type::String: 402
[debug/ast-stats]     - type::Tuple: 302
[debug/ast-stats]     - type::UnsignedInteger: 1247
[debug/ast-stats]     - type::stream::Iterator: 878
[debug/ast-stats]     - type::stream::View: 450
[debug/ast-stats]     - type::tuple::Element: 615
